// Jest Snapshot v1, https://goo.gl/fbAQLP

exports[`inject() 1`] = `
<span>
  I am legion.
</span>
`;
